{
  "details": {
    "best_of_sequences": null,
    "finish_reason": "eos_token",
    "generated_tokens": 9,
    "prefill": [
      {
        "id": 0,
        "logprob": null,
        "text": "<pad>"
      }
    ],
    "seed": 0,
    "tokens": [
      {
        "id": 16017,
        "logprob": -0.30908203,
        "special": false,
        "text": " blue"
      },
      {
        "id": 20495,
        "logprob": 0.0,
        "special": false,
        "text": " sky"
      },
      {
        "id": 259,
        "logprob": -0.28271484,
        "special": false,
        "text": " "
      },
      {
        "id": 15484,
        "logprob": -1.7929688,
        "special": false,
        "text": "appear"
      },
      {
        "id": 345,
        "logprob": -0.8935547,
        "special": false,
        "text": "ed"
      },
      {
        "id": 281,
        "logprob": 0.0,
        "special": false,
        "text": " in"
      },
      {
        "id": 287,
        "logprob": 0.0,
        "special": false,
        "text": " the"
      },
      {
        "id": 20495,
        "logprob": -0.32299805,
        "special": false,
        "text": " sky"
      },
      {
        "id": 1,
        "logprob": 0.0,
        "special": true,
        "text": "</s>"
      }
    ]
  },
  "generated_text": "Why is the sky blue?blue sky appeared in the sky"
}
