[
  {
    "details": {
      "best_of_sequences": null,
      "finish_reason": "length",
      "generated_tokens": 10,
      "prefill": [
        {
          "id": 50,
          "logprob": null,
          "text": "G"
        },
        {
          "id": 330,
          "logprob": -5.96875,
          "text": "ir"
        },
        {
          "id": 1622,
          "logprob": -5.6171875,
          "text": "af"
        },
        {
          "id": 249,
          "logprob": -6.5039062,
          "text": "at"
        },
        {
          "id": 1480,
          "logprob": -8.0703125,
          "text": "ron"
        },
        {
          "id": 304,
          "logprob": -2.328125,
          "text": " is"
        },
        {
          "id": 23866,
          "logprob": -9.59375,
          "text": " obsessed"
        },
        {
          "id": 335,
          "logprob": -0.04837036,
          "text": " with"
        },
        {
          "id": 26680,
          "logprob": -3.9960938,
          "text": " gir"
        },
        {
          "id": 1903,
          "logprob": -0.07525635,
          "text": "aff"
        },
        {
          "id": 255,
          "logprob": -0.006790161,
          "text": "es"
        },
        {
          "id": 23,
          "logprob": -1.546875,
          "text": ","
        },
        {
          "id": 248,
          "logprob": -4.3320312,
          "text": " the"
        },
        {
          "id": 758,
          "logprob": -3.7363281,
          "text": " most"
        },
        {
          "id": 21735,
          "logprob": -5.109375,
          "text": " glorious"
        },
        {
          "id": 5985,
          "logprob": -2.09375,
          "text": " animal"
        },
        {
          "id": 313,
          "logprob": -1.1845703,
          "text": " on"
        },
        {
          "id": 248,
          "logprob": -0.77734375,
          "text": " the"
        },
        {
          "id": 1936,
          "logprob": -2.3828125,
          "text": " face"
        },
        {
          "id": 275,
          "logprob": -0.0044403076,
          "text": " of"
        },
        {
          "id": 414,
          "logprob": -1.9667969,
          "text": " this"
        },
        {
          "id": 6490,
          "logprob": -2.0449219,
          "text": " Earth"
        },
        {
          "id": 25,
          "logprob": -0.28198242,
          "text": "."
        },
        {
          "id": 401,
          "logprob": -7.921875,
          "text": " G"
        },
        {
          "id": 6013,
          "logprob": -2.2714844,
          "text": "ira"
        },
        {
          "id": 694,
          "logprob": -0.62353516,
          "text": "ft"
        },
        {
          "id": 1480,
          "logprob": -0.20947266,
          "text": "ron"
        },
        {
          "id": 9369,
          "logprob": -4.5507812,
          "text": " believes"
        },
        {
          "id": 455,
          "logprob": -4.5625,
          "text": " all"
        },
        {
          "id": 599,
          "logprob": -2.7402344,
          "text": " other"
        },
        {
          "id": 5632,
          "logprob": -0.21899414,
          "text": " animals"
        },
        {
          "id": 362,
          "logprob": -0.76708984,
          "text": " are"
        },
        {
          "id": 23981,
          "logprob": -4.9960938,
          "text": " irrelevant"
        },
        {
          "id": 635,
          "logprob": -4.234375,
          "text": " when"
        },
        {
          "id": 4354,
          "logprob": -0.5131836,
          "text": " compared"
        },
        {
          "id": 271,
          "logprob": -0.103515625,
          "text": " to"
        },
        {
          "id": 248,
          "logprob": -0.58447266,
          "text": " the"
        },
        {
          "id": 21735,
          "logprob": -3.6796875,
          "text": " glorious"
        },
        {
          "id": 64398,
          "logprob": -1.8222656,
          "text": " majesty"
        },
        {
          "id": 275,
          "logprob": -0.23583984,
          "text": " of"
        },
        {
          "id": 248,
          "logprob": -0.3544922,
          "text": " the"
        },
        {
          "id": 26680,
          "logprob": -0.24609375,
          "text": " gir"
        },
        {
          "id": 23226,
          "logprob": -0.02960205,
          "text": "affe"
        },
        {
          "id": 25,
          "logprob": -0.17358398,
          "text": "."
        },
        {
          "id": 193,
          "logprob": -1.3925781,
          "text": "\n"
        },
        {
          "id": 23626,
          "logprob": -10.0625,
          "text": "Daniel"
        },
        {
          "id": 37,
          "logprob": -4.5898438,
          "text": ":"
        },
        {
          "id": 23090,
          "logprob": -6.9375,
          "text": " Hello"
        },
        {
          "id": 23,
          "logprob": -0.99365234,
          "text": ","
        },
        {
          "id": 29033,
          "logprob": -2.2304688,
          "text": " Gir"
        },
        {
          "id": 1622,
          "logprob": -0.107788086,
          "text": "af"
        },
        {
          "id": 249,
          "logprob": -0.04257202,
          "text": "at"
        },
        {
          "id": 1480,
          "logprob": -0.0024871826,
          "text": "ron"
        },
        {
          "id": 12,
          "logprob": -1.4277344,
          "text": "!"
        },
        {
          "id": 193,
          "logprob": -1.1005859,
          "text": "\n"
        },
        {
          "id": 50,
          "logprob": -0.056915283,
          "text": "G"
        },
        {
          "id": 330,
          "logprob": -0.1315918,
          "text": "ir"
        },
        {
          "id": 1622,
          "logprob": -0.0071105957,
          "text": "af"
        },
        {
          "id": 249,
          "logprob": -0.008453369,
          "text": "at"
        },
        {
          "id": 1480,
          "logprob": -0.0006928444,
          "text": "ron"
        },
        {
          "id": 37,
          "logprob": -0.0074920654,
          "text": ":"
        }
      ],
      "seed": null,
      "tokens": [
        {
          "id": 23090,
          "logprob": -1.828125,
          "special": false,
          "text": " Hello"
        },
        {
          "id": 23,
          "logprob": -0.3178711,
          "special": false,
          "text": ","
        },
        {
          "id": 8156,
          "logprob": -0.23925781,
          "special": false,
          "text": " Daniel"
        },
        {
          "id": 12,
          "logprob": -0.5698242,
          "special": false,
          "text": "!"
        },
        {
          "id": 193,
          "logprob": -0.61279297,
          "special": false,
          "text": "\n"
        },
        {
          "id": 23626,
          "logprob": -0.4177246,
          "special": false,
          "text": "Daniel"
        },
        {
          "id": 37,
          "logprob": -0.0023345947,
          "special": false,
          "text": ":"
        },
        {
          "id": 1634,
          "logprob": -2.0605469,
          "special": false,
          "text": " What"
        },
        {
          "id": 18,
          "logprob": -1.5283203,
          "special": false,
          "text": "'"
        },
        {
          "id": 94,
          "logprob": -0.007965088,
          "special": false,
          "text": "s"
        }
      ]
    },
    "generated_text": " Hello, Daniel!\nDaniel: What's"
  },
  {
    "details": {
      "best_of_sequences": null,
      "finish_reason": "length",
      "generated_tokens": 10,
      "prefill": [
        {
          "id": 50,
          "logprob": null,
          "text": "G"
        },
        {
          "id": 330,
          "logprob": -5.96875,
          "text": "ir"
        },
        {
          "id": 1622,
          "logprob": -5.6171875,
          "text": "af"
        },
        {
          "id": 249,
          "logprob": -6.5,
          "text": "at"
        },
        {
          "id": 1480,
          "logprob": -8.0703125,
          "text": "ron"
        },
        {
          "id": 304,
          "logprob": -2.328125,
          "text": " is"
        },
        {
          "id": 23866,
          "logprob": -9.59375,
          "text": " obsessed"
        },
        {
          "id": 335,
          "logprob": -0.048339844,
          "text": " with"
        },
        {
          "id": 26680,
          "logprob": -4.0,
          "text": " gir"
        },
        {
          "id": 1903,
          "logprob": -0.07531738,
          "text": "aff"
        },
        {
          "id": 255,
          "logprob": -0.006793976,
          "text": "es"
        },
        {
          "id": 23,
          "logprob": -1.5478516,
          "text": ","
        },
        {
          "id": 248,
          "logprob": -4.3320312,
          "text": " the"
        },
        {
          "id": 758,
          "logprob": -3.7363281,
          "text": " most"
        },
        {
          "id": 21735,
          "logprob": -5.1132812,
          "text": " glorious"
        },
        {
          "id": 5985,
          "logprob": -2.0957031,
          "text": " animal"
        },
        {
          "id": 313,
          "logprob": -1.1835938,
          "text": " on"
        },
        {
          "id": 248,
          "logprob": -0.77685547,
          "text": " the"
        },
        {
          "id": 1936,
          "logprob": -2.3808594,
          "text": " face"
        },
        {
          "id": 275,
          "logprob": -0.004436493,
          "text": " of"
        },
        {
          "id": 414,
          "logprob": -1.9638672,
          "text": " this"
        },
        {
          "id": 6490,
          "logprob": -2.0449219,
          "text": " Earth"
        },
        {
          "id": 25,
          "logprob": -0.28198242,
          "text": "."
        },
        {
          "id": 401,
          "logprob": -7.9179688,
          "text": " G"
        },
        {
          "id": 6013,
          "logprob": -2.2734375,
          "text": "ira"
        },
        {
          "id": 694,
          "logprob": -0.6230469,
          "text": "ft"
        },
        {
          "id": 1480,
          "logprob": -0.20947266,
          "text": "ron"
        },
        {
          "id": 9369,
          "logprob": -4.5546875,
          "text": " believes"
        },
        {
          "id": 455,
          "logprob": -4.5703125,
          "text": " all"
        },
        {
          "id": 599,
          "logprob": -2.7382812,
          "text": " other"
        },
        {
          "id": 5632,
          "logprob": -0.21948242,
          "text": " animals"
        },
        {
          "id": 362,
          "logprob": -0.7661133,
          "text": " are"
        },
        {
          "id": 23981,
          "logprob": -4.9960938,
          "text": " irrelevant"
        },
        {
          "id": 635,
          "logprob": -4.234375,
          "text": " when"
        },
        {
          "id": 4354,
          "logprob": -0.5131836,
          "text": " compared"
        },
        {
          "id": 271,
          "logprob": -0.10357666,
          "text": " to"
        },
        {
          "id": 248,
          "logprob": -0.58447266,
          "text": " the"
        },
        {
          "id": 21735,
          "logprob": -3.6816406,
          "text": " glorious"
        },
        {
          "id": 64398,
          "logprob": -1.8203125,
          "text": " majesty"
        },
        {
          "id": 275,
          "logprob": -0.23583984,
          "text": " of"
        },
        {
          "id": 248,
          "logprob": -0.35473633,
          "text": " the"
        },
        {
          "id": 26680,
          "logprob": -0.24572754,
          "text": " gir"
        },
        {
          "id": 23226,
          "logprob": -0.029586792,
          "text": "affe"
        },
        {
          "id": 25,
          "logprob": -0.17346191,
          "text": "."
        },
        {
          "id": 193,
          "logprob": -1.3945312,
          "text": "\n"
        },
        {
          "id": 23626,
          "logprob": -10.0625,
          "text": "Daniel"
        },
        {
          "id": 37,
          "logprob": -4.59375,
          "text": ":"
        },
        {
          "id": 23090,
          "logprob": -6.9375,
          "text": " Hello"
        },
        {
          "id": 23,
          "logprob": -0.99316406,
          "text": ","
        },
        {
          "id": 29033,
          "logprob": -2.2324219,
          "text": " Gir"
        },
        {
          "id": 1622,
          "logprob": -0.10797119,
          "text": "af"
        },
        {
          "id": 249,
          "logprob": -0.04248047,
          "text": "at"
        },
        {
          "id": 1480,
          "logprob": -0.0024814606,
          "text": "ron"
        },
        {
          "id": 12,
          "logprob": -1.4277344,
          "text": "!"
        },
        {
          "id": 193,
          "logprob": -1.1005859,
          "text": "\n"
        },
        {
          "id": 50,
          "logprob": -0.056884766,
          "text": "G"
        },
        {
          "id": 330,
          "logprob": -0.1315918,
          "text": "ir"
        },
        {
          "id": 1622,
          "logprob": -0.007095337,
          "text": "af"
        },
        {
          "id": 249,
          "logprob": -0.00844574,
          "text": "at"
        },
        {
          "id": 1480,
          "logprob": -0.00068998337,
          "text": "ron"
        },
        {
          "id": 37,
          "logprob": -0.0074768066,
          "text": ":"
        }
      ],
      "seed": null,
      "tokens": [
        {
          "id": 23090,
          "logprob": -1.8251953,
          "special": false,
          "text": " Hello"
        },
        {
          "id": 23,
          "logprob": -0.31762695,
          "special": false,
          "text": ","
        },
        {
          "id": 8156,
          "logprob": -0.2388916,
          "special": false,
          "text": " Daniel"
        },
        {
          "id": 12,
          "logprob": -0.5698242,
          "special": false,
          "text": "!"
        },
        {
          "id": 193,
          "logprob": -0.6152344,
          "special": false,
          "text": "\n"
        },
        {
          "id": 23626,
          "logprob": -0.42211914,
          "special": false,
          "text": "Daniel"
        },
        {
          "id": 37,
          "logprob": -0.002336502,
          "special": false,
          "text": ":"
        },
        {
          "id": 1634,
          "logprob": -2.0605469,
          "special": false,
          "text": " What"
        },
        {
          "id": 18,
          "logprob": -1.5292969,
          "special": false,
          "text": "'"
        },
        {
          "id": 94,
          "logprob": -0.007926941,
          "special": false,
          "text": "s"
        }
      ]
    },
    "generated_text": " Hello, Daniel!\nDaniel: What's"
  },
  {
    "details": {
      "best_of_sequences": null,
      "finish_reason": "length",
      "generated_tokens": 10,
      "prefill": [
        {
          "id": 50,
          "logprob": null,
          "text": "G"
        },
        {
          "id": 330,
          "logprob": -5.96875,
          "text": "ir"
        },
        {
          "id": 1622,
          "logprob": -5.6171875,
          "text": "af"
        },
        {
          "id": 249,
          "logprob": -6.5,
          "text": "at"
        },
        {
          "id": 1480,
          "logprob": -8.0703125,
          "text": "ron"
        },
        {
          "id": 304,
          "logprob": -2.328125,
          "text": " is"
        },
        {
          "id": 23866,
          "logprob": -9.59375,
          "text": " obsessed"
        },
        {
          "id": 335,
          "logprob": -0.048339844,
          "text": " with"
        },
        {
          "id": 26680,
          "logprob": -4.0,
          "text": " gir"
        },
        {
          "id": 1903,
          "logprob": -0.07531738,
          "text": "aff"
        },
        {
          "id": 255,
          "logprob": -0.006793976,
          "text": "es"
        },
        {
          "id": 23,
          "logprob": -1.5478516,
          "text": ","
        },
        {
          "id": 248,
          "logprob": -4.3320312,
          "text": " the"
        },
        {
          "id": 758,
          "logprob": -3.7363281,
          "text": " most"
        },
        {
          "id": 21735,
          "logprob": -5.1132812,
          "text": " glorious"
        },
        {
          "id": 5985,
          "logprob": -2.0957031,
          "text": " animal"
        },
        {
          "id": 313,
          "logprob": -1.1835938,
          "text": " on"
        },
        {
          "id": 248,
          "logprob": -0.77685547,
          "text": " the"
        },
        {
          "id": 1936,
          "logprob": -2.3808594,
          "text": " face"
        },
        {
          "id": 275,
          "logprob": -0.004436493,
          "text": " of"
        },
        {
          "id": 414,
          "logprob": -1.9638672,
          "text": " this"
        },
        {
          "id": 6490,
          "logprob": -2.0449219,
          "text": " Earth"
        },
        {
          "id": 25,
          "logprob": -0.28198242,
          "text": "."
        },
        {
          "id": 401,
          "logprob": -7.9179688,
          "text": " G"
        },
        {
          "id": 6013,
          "logprob": -2.2734375,
          "text": "ira"
        },
        {
          "id": 694,
          "logprob": -0.6230469,
          "text": "ft"
        },
        {
          "id": 1480,
          "logprob": -0.20947266,
          "text": "ron"
        },
        {
          "id": 9369,
          "logprob": -4.5546875,
          "text": " believes"
        },
        {
          "id": 455,
          "logprob": -4.5703125,
          "text": " all"
        },
        {
          "id": 599,
          "logprob": -2.7382812,
          "text": " other"
        },
        {
          "id": 5632,
          "logprob": -0.21948242,
          "text": " animals"
        },
        {
          "id": 362,
          "logprob": -0.7661133,
          "text": " are"
        },
        {
          "id": 23981,
          "logprob": -4.9960938,
          "text": " irrelevant"
        },
        {
          "id": 635,
          "logprob": -4.234375,
          "text": " when"
        },
        {
          "id": 4354,
          "logprob": -0.5131836,
          "text": " compared"
        },
        {
          "id": 271,
          "logprob": -0.10357666,
          "text": " to"
        },
        {
          "id": 248,
          "logprob": -0.58447266,
          "text": " the"
        },
        {
          "id": 21735,
          "logprob": -3.6816406,
          "text": " glorious"
        },
        {
          "id": 64398,
          "logprob": -1.8203125,
          "text": " majesty"
        },
        {
          "id": 275,
          "logprob": -0.23583984,
          "text": " of"
        },
        {
          "id": 248,
          "logprob": -0.35473633,
          "text": " the"
        },
        {
          "id": 26680,
          "logprob": -0.24572754,
          "text": " gir"
        },
        {
          "id": 23226,
          "logprob": -0.029586792,
          "text": "affe"
        },
        {
          "id": 25,
          "logprob": -0.17346191,
          "text": "."
        },
        {
          "id": 193,
          "logprob": -1.3945312,
          "text": "\n"
        },
        {
          "id": 23626,
          "logprob": -10.0625,
          "text": "Daniel"
        },
        {
          "id": 37,
          "logprob": -4.59375,
          "text": ":"
        },
        {
          "id": 23090,
          "logprob": -6.9375,
          "text": " Hello"
        },
        {
          "id": 23,
          "logprob": -0.99316406,
          "text": ","
        },
        {
          "id": 29033,
          "logprob": -2.2324219,
          "text": " Gir"
        },
        {
          "id": 1622,
          "logprob": -0.10797119,
          "text": "af"
        },
        {
          "id": 249,
          "logprob": -0.04248047,
          "text": "at"
        },
        {
          "id": 1480,
          "logprob": -0.0024814606,
          "text": "ron"
        },
        {
          "id": 12,
          "logprob": -1.4277344,
          "text": "!"
        },
        {
          "id": 193,
          "logprob": -1.1005859,
          "text": "\n"
        },
        {
          "id": 50,
          "logprob": -0.056884766,
          "text": "G"
        },
        {
          "id": 330,
          "logprob": -0.1315918,
          "text": "ir"
        },
        {
          "id": 1622,
          "logprob": -0.007095337,
          "text": "af"
        },
        {
          "id": 249,
          "logprob": -0.00844574,
          "text": "at"
        },
        {
          "id": 1480,
          "logprob": -0.00068998337,
          "text": "ron"
        },
        {
          "id": 37,
          "logprob": -0.0074768066,
          "text": ":"
        }
      ],
      "seed": null,
      "tokens": [
        {
          "id": 23090,
          "logprob": -1.8251953,
          "special": false,
          "text": " Hello"
        },
        {
          "id": 23,
          "logprob": -0.31762695,
          "special": false,
          "text": ","
        },
        {
          "id": 8156,
          "logprob": -0.2388916,
          "special": false,
          "text": " Daniel"
        },
        {
          "id": 12,
          "logprob": -0.5698242,
          "special": false,
          "text": "!"
        },
        {
          "id": 193,
          "logprob": -0.6152344,
          "special": false,
          "text": "\n"
        },
        {
          "id": 23626,
          "logprob": -0.42211914,
          "special": false,
          "text": "Daniel"
        },
        {
          "id": 37,
          "logprob": -0.002336502,
          "special": false,
          "text": ":"
        },
        {
          "id": 1634,
          "logprob": -2.0605469,
          "special": false,
          "text": " What"
        },
        {
          "id": 18,
          "logprob": -1.5292969,
          "special": false,
          "text": "'"
        },
        {
          "id": 94,
          "logprob": -0.007926941,
          "special": false,
          "text": "s"
        }
      ]
    },
    "generated_text": " Hello, Daniel!\nDaniel: What's"
  },
  {
    "details": {
      "best_of_sequences": null,
      "finish_reason": "length",
      "generated_tokens": 10,
      "prefill": [
        {
          "id": 50,
          "logprob": null,
          "text": "G"
        },
        {
          "id": 330,
          "logprob": -5.96875,
          "text": "ir"
        },
        {
          "id": 1622,
          "logprob": -5.6171875,
          "text": "af"
        },
        {
          "id": 249,
          "logprob": -6.5,
          "text": "at"
        },
        {
          "id": 1480,
          "logprob": -8.0703125,
          "text": "ron"
        },
        {
          "id": 304,
          "logprob": -2.328125,
          "text": " is"
        },
        {
          "id": 23866,
          "logprob": -9.59375,
          "text": " obsessed"
        },
        {
          "id": 335,
          "logprob": -0.048339844,
          "text": " with"
        },
        {
          "id": 26680,
          "logprob": -4.0,
          "text": " gir"
        },
        {
          "id": 1903,
          "logprob": -0.07531738,
          "text": "aff"
        },
        {
          "id": 255,
          "logprob": -0.006793976,
          "text": "es"
        },
        {
          "id": 23,
          "logprob": -1.5478516,
          "text": ","
        },
        {
          "id": 248,
          "logprob": -4.3320312,
          "text": " the"
        },
        {
          "id": 758,
          "logprob": -3.7363281,
          "text": " most"
        },
        {
          "id": 21735,
          "logprob": -5.1132812,
          "text": " glorious"
        },
        {
          "id": 5985,
          "logprob": -2.0957031,
          "text": " animal"
        },
        {
          "id": 313,
          "logprob": -1.1835938,
          "text": " on"
        },
        {
          "id": 248,
          "logprob": -0.77685547,
          "text": " the"
        },
        {
          "id": 1936,
          "logprob": -2.3808594,
          "text": " face"
        },
        {
          "id": 275,
          "logprob": -0.004436493,
          "text": " of"
        },
        {
          "id": 414,
          "logprob": -1.9638672,
          "text": " this"
        },
        {
          "id": 6490,
          "logprob": -2.0449219,
          "text": " Earth"
        },
        {
          "id": 25,
          "logprob": -0.28198242,
          "text": "."
        },
        {
          "id": 401,
          "logprob": -7.9179688,
          "text": " G"
        },
        {
          "id": 6013,
          "logprob": -2.2734375,
          "text": "ira"
        },
        {
          "id": 694,
          "logprob": -0.6230469,
          "text": "ft"
        },
        {
          "id": 1480,
          "logprob": -0.20947266,
          "text": "ron"
        },
        {
          "id": 9369,
          "logprob": -4.5546875,
          "text": " believes"
        },
        {
          "id": 455,
          "logprob": -4.5703125,
          "text": " all"
        },
        {
          "id": 599,
          "logprob": -2.7382812,
          "text": " other"
        },
        {
          "id": 5632,
          "logprob": -0.21948242,
          "text": " animals"
        },
        {
          "id": 362,
          "logprob": -0.7661133,
          "text": " are"
        },
        {
          "id": 23981,
          "logprob": -4.9960938,
          "text": " irrelevant"
        },
        {
          "id": 635,
          "logprob": -4.234375,
          "text": " when"
        },
        {
          "id": 4354,
          "logprob": -0.5131836,
          "text": " compared"
        },
        {
          "id": 271,
          "logprob": -0.10357666,
          "text": " to"
        },
        {
          "id": 248,
          "logprob": -0.58447266,
          "text": " the"
        },
        {
          "id": 21735,
          "logprob": -3.6816406,
          "text": " glorious"
        },
        {
          "id": 64398,
          "logprob": -1.8203125,
          "text": " majesty"
        },
        {
          "id": 275,
          "logprob": -0.23583984,
          "text": " of"
        },
        {
          "id": 248,
          "logprob": -0.35473633,
          "text": " the"
        },
        {
          "id": 26680,
          "logprob": -0.24572754,
          "text": " gir"
        },
        {
          "id": 23226,
          "logprob": -0.029586792,
          "text": "affe"
        },
        {
          "id": 25,
          "logprob": -0.17346191,
          "text": "."
        },
        {
          "id": 193,
          "logprob": -1.3945312,
          "text": "\n"
        },
        {
          "id": 23626,
          "logprob": -10.0625,
          "text": "Daniel"
        },
        {
          "id": 37,
          "logprob": -4.59375,
          "text": ":"
        },
        {
          "id": 23090,
          "logprob": -6.9375,
          "text": " Hello"
        },
        {
          "id": 23,
          "logprob": -0.99316406,
          "text": ","
        },
        {
          "id": 29033,
          "logprob": -2.2324219,
          "text": " Gir"
        },
        {
          "id": 1622,
          "logprob": -0.10797119,
          "text": "af"
        },
        {
          "id": 249,
          "logprob": -0.04248047,
          "text": "at"
        },
        {
          "id": 1480,
          "logprob": -0.0024814606,
          "text": "ron"
        },
        {
          "id": 12,
          "logprob": -1.4277344,
          "text": "!"
        },
        {
          "id": 193,
          "logprob": -1.1005859,
          "text": "\n"
        },
        {
          "id": 50,
          "logprob": -0.056884766,
          "text": "G"
        },
        {
          "id": 330,
          "logprob": -0.1315918,
          "text": "ir"
        },
        {
          "id": 1622,
          "logprob": -0.007095337,
          "text": "af"
        },
        {
          "id": 249,
          "logprob": -0.00844574,
          "text": "at"
        },
        {
          "id": 1480,
          "logprob": -0.00068998337,
          "text": "ron"
        },
        {
          "id": 37,
          "logprob": -0.0074768066,
          "text": ":"
        }
      ],
      "seed": null,
      "tokens": [
        {
          "id": 23090,
          "logprob": -1.8251953,
          "special": false,
          "text": " Hello"
        },
        {
          "id": 23,
          "logprob": -0.31762695,
          "special": false,
          "text": ","
        },
        {
          "id": 8156,
          "logprob": -0.2388916,
          "special": false,
          "text": " Daniel"
        },
        {
          "id": 12,
          "logprob": -0.5698242,
          "special": false,
          "text": "!"
        },
        {
          "id": 193,
          "logprob": -0.6152344,
          "special": false,
          "text": "\n"
        },
        {
          "id": 23626,
          "logprob": -0.42211914,
          "special": false,
          "text": "Daniel"
        },
        {
          "id": 37,
          "logprob": -0.002336502,
          "special": false,
          "text": ":"
        },
        {
          "id": 1634,
          "logprob": -2.0605469,
          "special": false,
          "text": " What"
        },
        {
          "id": 18,
          "logprob": -1.5292969,
          "special": false,
          "text": "'"
        },
        {
          "id": 94,
          "logprob": -0.007926941,
          "special": false,
          "text": "s"
        }
      ]
    },
    "generated_text": " Hello, Daniel!\nDaniel: What's"
  }
]
