{
  "details": {
    "best_of_sequences": null,
    "finish_reason": "length",
    "generated_tokens": 10,
    "prefill": [
      {
        "id": 50,
        "logprob": null,
        "text": "G"
      },
      {
        "id": 330,
        "logprob": -5.96875,
        "text": "ir"
      },
      {
        "id": 1622,
        "logprob": -5.6132812,
        "text": "af"
      },
      {
        "id": 249,
        "logprob": -6.5039062,
        "text": "at"
      },
      {
        "id": 1480,
        "logprob": -8.078125,
        "text": "ron"
      },
      {
        "id": 304,
        "logprob": -2.3261719,
        "text": " is"
      },
      {
        "id": 23866,
        "logprob": -9.59375,
        "text": " obsessed"
      },
      {
        "id": 335,
        "logprob": -0.048339844,
        "text": " with"
      },
      {
        "id": 26680,
        "logprob": -4.0,
        "text": " gir"
      },
      {
        "id": 1903,
        "logprob": -0.07556152,
        "text": "aff"
      },
      {
        "id": 255,
        "logprob": -0.0067749023,
        "text": "es"
      },
      {
        "id": 23,
        "logprob": -1.546875,
        "text": ","
      },
      {
        "id": 248,
        "logprob": -4.3320312,
        "text": " the"
      },
      {
        "id": 758,
        "logprob": -3.734375,
        "text": " most"
      },
      {
        "id": 21735,
        "logprob": -5.109375,
        "text": " glorious"
      },
      {
        "id": 5985,
        "logprob": -2.09375,
        "text": " animal"
      },
      {
        "id": 313,
        "logprob": -1.1835938,
        "text": " on"
      },
      {
        "id": 248,
        "logprob": -0.77685547,
        "text": " the"
      },
      {
        "id": 1936,
        "logprob": -2.3828125,
        "text": " face"
      },
      {
        "id": 275,
        "logprob": -0.004432678,
        "text": " of"
      },
      {
        "id": 414,
        "logprob": -1.9677734,
        "text": " this"
      },
      {
        "id": 6490,
        "logprob": -2.046875,
        "text": " Earth"
      },
      {
        "id": 25,
        "logprob": -0.28198242,
        "text": "."
      },
      {
        "id": 401,
        "logprob": -7.9179688,
        "text": " G"
      },
      {
        "id": 6013,
        "logprob": -2.2753906,
        "text": "ira"
      },
      {
        "id": 694,
        "logprob": -0.6230469,
        "text": "ft"
      },
      {
        "id": 1480,
        "logprob": -0.20874023,
        "text": "ron"
      },
      {
        "id": 9369,
        "logprob": -4.5507812,
        "text": " believes"
      },
      {
        "id": 455,
        "logprob": -4.5664062,
        "text": " all"
      },
      {
        "id": 599,
        "logprob": -2.7402344,
        "text": " other"
      },
      {
        "id": 5632,
        "logprob": -0.21948242,
        "text": " animals"
      },
      {
        "id": 362,
        "logprob": -0.7675781,
        "text": " are"
      },
      {
        "id": 23981,
        "logprob": -5.0,
        "text": " irrelevant"
      },
      {
        "id": 635,
        "logprob": -4.234375,
        "text": " when"
      },
      {
        "id": 4354,
        "logprob": -0.5131836,
        "text": " compared"
      },
      {
        "id": 271,
        "logprob": -0.103637695,
        "text": " to"
      },
      {
        "id": 248,
        "logprob": -0.58447266,
        "text": " the"
      },
      {
        "id": 21735,
        "logprob": -3.6835938,
        "text": " glorious"
      },
      {
        "id": 64398,
        "logprob": -1.8173828,
        "text": " majesty"
      },
      {
        "id": 275,
        "logprob": -0.23510742,
        "text": " of"
      },
      {
        "id": 248,
        "logprob": -0.35473633,
        "text": " the"
      },
      {
        "id": 26680,
        "logprob": -0.24633789,
        "text": " gir"
      },
      {
        "id": 23226,
        "logprob": -0.02960205,
        "text": "affe"
      },
      {
        "id": 25,
        "logprob": -0.17333984,
        "text": "."
      },
      {
        "id": 193,
        "logprob": -1.3935547,
        "text": "\n"
      },
      {
        "id": 23626,
        "logprob": -10.0625,
        "text": "Daniel"
      },
      {
        "id": 37,
        "logprob": -4.59375,
        "text": ":"
      },
      {
        "id": 23090,
        "logprob": -6.9375,
        "text": " Hello"
      },
      {
        "id": 23,
        "logprob": -0.99365234,
        "text": ","
      },
      {
        "id": 29033,
        "logprob": -2.2324219,
        "text": " Gir"
      },
      {
        "id": 1622,
        "logprob": -0.10809326,
        "text": "af"
      },
      {
        "id": 249,
        "logprob": -0.042663574,
        "text": "at"
      },
      {
        "id": 1480,
        "logprob": -0.0024776459,
        "text": "ron"
      },
      {
        "id": 12,
        "logprob": -1.4277344,
        "text": "!"
      },
      {
        "id": 193,
        "logprob": -1.1015625,
        "text": "\n"
      },
      {
        "id": 50,
        "logprob": -0.05709839,
        "text": "G"
      },
      {
        "id": 330,
        "logprob": -0.13208008,
        "text": "ir"
      },
      {
        "id": 1622,
        "logprob": -0.0071487427,
        "text": "af"
      },
      {
        "id": 249,
        "logprob": -0.008468628,
        "text": "at"
      },
      {
        "id": 1480,
        "logprob": -0.00068998337,
        "text": "ron"
      },
      {
        "id": 37,
        "logprob": -0.0074691772,
        "text": ":"
      }
    ],
    "seed": null,
    "tokens": [
      {
        "id": 23090,
        "logprob": -1.8251953,
        "special": false,
        "text": " Hello"
      },
      {
        "id": 23,
        "logprob": -0.3173828,
        "special": false,
        "text": ","
      },
      {
        "id": 8156,
        "logprob": -0.23803711,
        "special": false,
        "text": " Daniel"
      },
      {
        "id": 12,
        "logprob": -0.56933594,
        "special": false,
        "text": "!"
      },
      {
        "id": 193,
        "logprob": -0.61279297,
        "special": false,
        "text": "\n"
      },
      {
        "id": 23626,
        "logprob": -0.41967773,
        "special": false,
        "text": "Daniel"
      },
      {
        "id": 37,
        "logprob": -0.0023403168,
        "special": false,
        "text": ":"
      },
      {
        "id": 1634,
        "logprob": -2.0605469,
        "special": false,
        "text": " What"
      },
      {
        "id": 18,
        "logprob": -1.5292969,
        "special": false,
        "text": "'"
      },
      {
        "id": 94,
        "logprob": -0.007904053,
        "special": false,
        "text": "s"
      }
    ]
  },
  "generated_text": " Hello, Daniel!\nDaniel: What's"
}
