{
  "details": {
    "best_of_sequences": null,
    "finish_reason": "length",
    "generated_tokens": 10,
    "prefill": [
      {
        "id": 15,
        "logprob": null,
        "text": ","
      },
      {
        "id": 1669,
        "logprob": -5.4414062,
        "text": " il"
      },
      {
        "id": 11580,
        "logprob": -2.3378906,
        "text": " faut"
      },
      {
        "id": 3913,
        "logprob": -4.3554688,
        "text": " tout"
      },
      {
        "id": 39261,
        "logprob": -2.9238281,
        "text": " d'abord"
      }
    ],
    "seed": 0,
    "tokens": [
      {
        "id": 408,
        "logprob": -0.07891846,
        "special": false,
        "text": " que"
      },
      {
        "id": 366,
        "logprob": -1.2939453,
        "special": false,
        "text": " la"
      },
      {
        "id": 8769,
        "logprob": -0.3708496,
        "special": false,
        "text": " personne"
      },
      {
        "id": 1479,
        "logprob": -2.2871094,
        "special": false,
        "text": " qui"
      },
      {
        "id": 2997,
        "logprob": -0.8671875,
        "special": false,
        "text": " vous"
      },
      {
        "id": 35977,
        "logprob": -1.5097656,
        "special": false,
        "text": " suit"
      },
      {
        "id": 21558,
        "logprob": -0.07891846,
        "special": false,
        "text": " ait"
      },
      {
        "id": 447,
        "logprob": -0.12695312,
        "special": false,
        "text": " un"
      },
      {
        "id": 78606,
        "logprob": -2.21875,
        "special": false,
        "text": " profil"
      },
      {
        "id": 3899,
        "logprob": -1.3535156,
        "special": false,
        "text": " bien"
      }
    ]
  },
  "generated_text": "Pour d√©guster un ortolan, il faut tout d'abord que la personne qui vous suit ait un profil bien"
}
