[
  {
    "details": {
      "best_of_sequences": null,
      "finish_reason": "length",
      "generated_tokens": 10,
      "prefill": [
        {
          "id": 50278,
          "logprob": null,
          "text": "<|prompter|>"
        },
        {
          "id": 1276,
          "logprob": -8.03125,
          "text": "What"
        },
        {
          "id": 310,
          "logprob": -5.421875,
          "text": " is"
        },
        {
          "id": 247,
          "logprob": -2.1601562,
          "text": " a"
        },
        {
          "id": 1167,
          "logprob": -5.4609375,
          "text": " mem"
        },
        {
          "id": 70,
          "logprob": -0.005657196,
          "text": "e"
        },
        {
          "id": 13,
          "logprob": -7.28125,
          "text": ","
        },
        {
          "id": 285,
          "logprob": -0.2980957,
          "text": " and"
        },
        {
          "id": 752,
          "logprob": -2.1679688,
          "text": " what"
        },
        {
          "id": 434,
          "logprob": -5.6210938,
          "text": "'s"
        },
        {
          "id": 253,
          "logprob": -0.81103516,
          "text": " the"
        },
        {
          "id": 2892,
          "logprob": -6.6640625,
          "text": " history"
        },
        {
          "id": 3212,
          "logprob": -2.265625,
          "text": " behind"
        },
        {
          "id": 436,
          "logprob": -11.5078125,
          "text": " this"
        },
        {
          "id": 3159,
          "logprob": -2.1582031,
          "text": " word"
        },
        {
          "id": 32,
          "logprob": -0.008720398,
          "text": "?"
        },
        {
          "id": 0,
          "logprob": -2.4726562,
          "text": "<|endoftext|>"
        },
        {
          "id": 50281,
          "logprob": -18.265625,
          "text": "<|assistant|>"
        }
      ],
      "seed": null,
      "tokens": [
        {
          "id": 510,
          "logprob": -0.63183594,
          "special": false,
          "text": "The"
        },
        {
          "id": 3159,
          "logprob": -0.5488281,
          "special": false,
          "text": " word"
        },
        {
          "id": 346,
          "logprob": -0.045684814,
          "special": false,
          "text": " \""
        },
        {
          "id": 6441,
          "logprob": -0.00207901,
          "special": false,
          "text": "mem"
        },
        {
          "id": 70,
          "logprob": -1.335144e-05,
          "special": false,
          "text": "e"
        },
        {
          "id": 3,
          "logprob": -0.00097227097,
          "special": false,
          "text": "\""
        },
        {
          "id": 369,
          "logprob": -0.0892334,
          "special": false,
          "text": " was"
        },
        {
          "id": 806,
          "logprob": -0.12463379,
          "special": false,
          "text": " first"
        },
        {
          "id": 908,
          "logprob": -0.01737976,
          "special": false,
          "text": " used"
        },
        {
          "id": 275,
          "logprob": -0.50341797,
          "special": false,
          "text": " in"
        }
      ]
    },
    "generated_text": "The word \"meme\" was first used in"
  },
  {
    "details": {
      "best_of_sequences": null,
      "finish_reason": "length",
      "generated_tokens": 10,
      "prefill": [
        {
          "id": 50278,
          "logprob": null,
          "text": "<|prompter|>"
        },
        {
          "id": 1276,
          "logprob": -8.03125,
          "text": "What"
        },
        {
          "id": 310,
          "logprob": -5.421875,
          "text": " is"
        },
        {
          "id": 247,
          "logprob": -2.1601562,
          "text": " a"
        },
        {
          "id": 1167,
          "logprob": -5.4609375,
          "text": " mem"
        },
        {
          "id": 70,
          "logprob": -0.005657196,
          "text": "e"
        },
        {
          "id": 13,
          "logprob": -7.28125,
          "text": ","
        },
        {
          "id": 285,
          "logprob": -0.2980957,
          "text": " and"
        },
        {
          "id": 752,
          "logprob": -2.1679688,
          "text": " what"
        },
        {
          "id": 434,
          "logprob": -5.6210938,
          "text": "'s"
        },
        {
          "id": 253,
          "logprob": -0.81103516,
          "text": " the"
        },
        {
          "id": 2892,
          "logprob": -6.6640625,
          "text": " history"
        },
        {
          "id": 3212,
          "logprob": -2.265625,
          "text": " behind"
        },
        {
          "id": 436,
          "logprob": -11.5078125,
          "text": " this"
        },
        {
          "id": 3159,
          "logprob": -2.1582031,
          "text": " word"
        },
        {
          "id": 32,
          "logprob": -0.008720398,
          "text": "?"
        },
        {
          "id": 0,
          "logprob": -2.4726562,
          "text": "<|endoftext|>"
        },
        {
          "id": 50281,
          "logprob": -18.265625,
          "text": "<|assistant|>"
        }
      ],
      "seed": null,
      "tokens": [
        {
          "id": 510,
          "logprob": -0.63183594,
          "special": false,
          "text": "The"
        },
        {
          "id": 3159,
          "logprob": -0.5488281,
          "special": false,
          "text": " word"
        },
        {
          "id": 346,
          "logprob": -0.045684814,
          "special": false,
          "text": " \""
        },
        {
          "id": 6441,
          "logprob": -0.00207901,
          "special": false,
          "text": "mem"
        },
        {
          "id": 70,
          "logprob": -1.335144e-05,
          "special": false,
          "text": "e"
        },
        {
          "id": 3,
          "logprob": -0.00097227097,
          "special": false,
          "text": "\""
        },
        {
          "id": 369,
          "logprob": -0.0892334,
          "special": false,
          "text": " was"
        },
        {
          "id": 806,
          "logprob": -0.12463379,
          "special": false,
          "text": " first"
        },
        {
          "id": 908,
          "logprob": -0.01737976,
          "special": false,
          "text": " used"
        },
        {
          "id": 275,
          "logprob": -0.50341797,
          "special": false,
          "text": " in"
        }
      ]
    },
    "generated_text": "The word \"meme\" was first used in"
  },
  {
    "details": {
      "best_of_sequences": null,
      "finish_reason": "length",
      "generated_tokens": 10,
      "prefill": [
        {
          "id": 50278,
          "logprob": null,
          "text": "<|prompter|>"
        },
        {
          "id": 1276,
          "logprob": -8.03125,
          "text": "What"
        },
        {
          "id": 310,
          "logprob": -5.421875,
          "text": " is"
        },
        {
          "id": 247,
          "logprob": -2.1601562,
          "text": " a"
        },
        {
          "id": 1167,
          "logprob": -5.4609375,
          "text": " mem"
        },
        {
          "id": 70,
          "logprob": -0.005657196,
          "text": "e"
        },
        {
          "id": 13,
          "logprob": -7.28125,
          "text": ","
        },
        {
          "id": 285,
          "logprob": -0.2980957,
          "text": " and"
        },
        {
          "id": 752,
          "logprob": -2.1679688,
          "text": " what"
        },
        {
          "id": 434,
          "logprob": -5.6210938,
          "text": "'s"
        },
        {
          "id": 253,
          "logprob": -0.81103516,
          "text": " the"
        },
        {
          "id": 2892,
          "logprob": -6.6640625,
          "text": " history"
        },
        {
          "id": 3212,
          "logprob": -2.265625,
          "text": " behind"
        },
        {
          "id": 436,
          "logprob": -11.5078125,
          "text": " this"
        },
        {
          "id": 3159,
          "logprob": -2.1582031,
          "text": " word"
        },
        {
          "id": 32,
          "logprob": -0.008720398,
          "text": "?"
        },
        {
          "id": 0,
          "logprob": -2.4726562,
          "text": "<|endoftext|>"
        },
        {
          "id": 50281,
          "logprob": -18.265625,
          "text": "<|assistant|>"
        }
      ],
      "seed": null,
      "tokens": [
        {
          "id": 510,
          "logprob": -0.63183594,
          "special": false,
          "text": "The"
        },
        {
          "id": 3159,
          "logprob": -0.5488281,
          "special": false,
          "text": " word"
        },
        {
          "id": 346,
          "logprob": -0.045684814,
          "special": false,
          "text": " \""
        },
        {
          "id": 6441,
          "logprob": -0.00207901,
          "special": false,
          "text": "mem"
        },
        {
          "id": 70,
          "logprob": -1.335144e-05,
          "special": false,
          "text": "e"
        },
        {
          "id": 3,
          "logprob": -0.00097227097,
          "special": false,
          "text": "\""
        },
        {
          "id": 369,
          "logprob": -0.0892334,
          "special": false,
          "text": " was"
        },
        {
          "id": 806,
          "logprob": -0.12463379,
          "special": false,
          "text": " first"
        },
        {
          "id": 908,
          "logprob": -0.01737976,
          "special": false,
          "text": " used"
        },
        {
          "id": 275,
          "logprob": -0.50341797,
          "special": false,
          "text": " in"
        }
      ]
    },
    "generated_text": "The word \"meme\" was first used in"
  },
  {
    "details": {
      "best_of_sequences": null,
      "finish_reason": "length",
      "generated_tokens": 10,
      "prefill": [
        {
          "id": 50278,
          "logprob": null,
          "text": "<|prompter|>"
        },
        {
          "id": 1276,
          "logprob": -8.03125,
          "text": "What"
        },
        {
          "id": 310,
          "logprob": -5.421875,
          "text": " is"
        },
        {
          "id": 247,
          "logprob": -2.1601562,
          "text": " a"
        },
        {
          "id": 1167,
          "logprob": -5.4609375,
          "text": " mem"
        },
        {
          "id": 70,
          "logprob": -0.005657196,
          "text": "e"
        },
        {
          "id": 13,
          "logprob": -7.28125,
          "text": ","
        },
        {
          "id": 285,
          "logprob": -0.2980957,
          "text": " and"
        },
        {
          "id": 752,
          "logprob": -2.1679688,
          "text": " what"
        },
        {
          "id": 434,
          "logprob": -5.6210938,
          "text": "'s"
        },
        {
          "id": 253,
          "logprob": -0.81103516,
          "text": " the"
        },
        {
          "id": 2892,
          "logprob": -6.6640625,
          "text": " history"
        },
        {
          "id": 3212,
          "logprob": -2.265625,
          "text": " behind"
        },
        {
          "id": 436,
          "logprob": -11.5078125,
          "text": " this"
        },
        {
          "id": 3159,
          "logprob": -2.1582031,
          "text": " word"
        },
        {
          "id": 32,
          "logprob": -0.008720398,
          "text": "?"
        },
        {
          "id": 0,
          "logprob": -2.4726562,
          "text": "<|endoftext|>"
        },
        {
          "id": 50281,
          "logprob": -18.265625,
          "text": "<|assistant|>"
        }
      ],
      "seed": null,
      "tokens": [
        {
          "id": 510,
          "logprob": -0.63183594,
          "special": false,
          "text": "The"
        },
        {
          "id": 3159,
          "logprob": -0.5488281,
          "special": false,
          "text": " word"
        },
        {
          "id": 346,
          "logprob": -0.045684814,
          "special": false,
          "text": " \""
        },
        {
          "id": 6441,
          "logprob": -0.00207901,
          "special": false,
          "text": "mem"
        },
        {
          "id": 70,
          "logprob": -1.335144e-05,
          "special": false,
          "text": "e"
        },
        {
          "id": 3,
          "logprob": -0.00097227097,
          "special": false,
          "text": "\""
        },
        {
          "id": 369,
          "logprob": -0.0892334,
          "special": false,
          "text": " was"
        },
        {
          "id": 806,
          "logprob": -0.12463379,
          "special": false,
          "text": " first"
        },
        {
          "id": 908,
          "logprob": -0.01737976,
          "special": false,
          "text": " used"
        },
        {
          "id": 275,
          "logprob": -0.50341797,
          "special": false,
          "text": " in"
        }
      ]
    },
    "generated_text": "The word \"meme\" was first used in"
  }
]
